// Jest Snapshot v1, https://goo.gl/fbAQLP

exports[`<ProgressBar /> with props should match the snapshot 1`] = `"<div><div class=\\"sc-AxiKw gsNiXY\\"><p>NaN%</p></div><div class=\\"sc-AxjAm SrCId\\"><div class=\\"sc-AxirZ jWNpjQ\\"></div></div></div>"`;
